Archive member included because of file (symbol)

c:/program files (x86)/gnu tools arm embedded/4.9 2015q3/bin/../lib/gcc/arm-none-eabi/4.9.3/../../../../arm-none-eabi/lib/armv6-m\libc_nano.a(lib_a-exit.o)
                              c:/program files (x86)/gnu tools arm embedded/4.9 2015q3/bin/../lib/gcc/arm-none-eabi/4.9.3/../../../../arm-none-eabi/lib/armv6-m/crt0.o (exit)
c:/program files (x86)/gnu tools arm embedded/4.9 2015q3/bin/../lib/gcc/arm-none-eabi/4.9.3/../../../../arm-none-eabi/lib/armv6-m\libc_nano.a(lib_a-impure.o)
                              c:/program files (x86)/gnu tools arm embedded/4.9 2015q3/bin/../lib/gcc/arm-none-eabi/4.9.3/../../../../arm-none-eabi/lib/armv6-m\libc_nano.a(lib_a-exit.o) (_global_impure_ptr)
c:/program files (x86)/gnu tools arm embedded/4.9 2015q3/bin/../lib/gcc/arm-none-eabi/4.9.3/../../../../arm-none-eabi/lib/armv6-m\libc_nano.a(lib_a-init.o)
                              c:/program files (x86)/gnu tools arm embedded/4.9 2015q3/bin/../lib/gcc/arm-none-eabi/4.9.3/../../../../arm-none-eabi/lib/armv6-m/crt0.o (__libc_init_array)
c:/program files (x86)/gnu tools arm embedded/4.9 2015q3/bin/../lib/gcc/arm-none-eabi/4.9.3/../../../../arm-none-eabi/lib/armv6-m\libc_nano.a(lib_a-memset.o)
                              c:/program files (x86)/gnu tools arm embedded/4.9 2015q3/bin/../lib/gcc/arm-none-eabi/4.9.3/../../../../arm-none-eabi/lib/armv6-m/crt0.o (memset)
c:/program files (x86)/gnu tools arm embedded/4.9 2015q3/bin/../lib/gcc/arm-none-eabi/4.9.3/../../../../arm-none-eabi/lib/armv6-m\libnosys.a(_exit.o)
                              c:/program files (x86)/gnu tools arm embedded/4.9 2015q3/bin/../lib/gcc/arm-none-eabi/4.9.3/../../../../arm-none-eabi/lib/armv6-m\libc_nano.a(lib_a-exit.o) (_exit)
c:/program files (x86)/gnu tools arm embedded/4.9 2015q3/bin/../lib/gcc/arm-none-eabi/4.9.3/armv6-m\libgcc.a(_udivsi3.o)
                              _build/pstorage.o (__aeabi_uidiv)
c:/program files (x86)/gnu tools arm embedded/4.9 2015q3/bin/../lib/gcc/arm-none-eabi/4.9.3/armv6-m\libgcc.a(_divsi3.o)
                              _build/pstorage.o (__aeabi_idiv)
c:/program files (x86)/gnu tools arm embedded/4.9 2015q3/bin/../lib/gcc/arm-none-eabi/4.9.3/armv6-m\libgcc.a(_dvmd_tls.o)
                              c:/program files (x86)/gnu tools arm embedded/4.9 2015q3/bin/../lib/gcc/arm-none-eabi/4.9.3/armv6-m\libgcc.a(_udivsi3.o) (__aeabi_idiv0)
c:/program files (x86)/gnu tools arm embedded/4.9 2015q3/bin/../lib/gcc/arm-none-eabi/4.9.3/armv6-m\libgcc.a(unwind-arm.o)
                              _build/main.o (__aeabi_unwind_cpp_pr0)
c:/program files (x86)/gnu tools arm embedded/4.9 2015q3/bin/../lib/gcc/arm-none-eabi/4.9.3/armv6-m\libgcc.a(libunwind.o)
                              c:/program files (x86)/gnu tools arm embedded/4.9 2015q3/bin/../lib/gcc/arm-none-eabi/4.9.3/armv6-m\libgcc.a(unwind-arm.o) (restore_core_regs)
c:/program files (x86)/gnu tools arm embedded/4.9 2015q3/bin/../lib/gcc/arm-none-eabi/4.9.3/armv6-m\libgcc.a(pr-support.o)
                              c:/program files (x86)/gnu tools arm embedded/4.9 2015q3/bin/../lib/gcc/arm-none-eabi/4.9.3/armv6-m\libgcc.a(unwind-arm.o) (__gnu_unwind_execute)
c:/program files (x86)/gnu tools arm embedded/4.9 2015q3/bin/../lib/gcc/arm-none-eabi/4.9.3/../../../../arm-none-eabi/lib/armv6-m\libc_nano.a(lib_a-abort.o)
                              c:/program files (x86)/gnu tools arm embedded/4.9 2015q3/bin/../lib/gcc/arm-none-eabi/4.9.3/armv6-m\libgcc.a(unwind-arm.o) (abort)
c:/program files (x86)/gnu tools arm embedded/4.9 2015q3/bin/../lib/gcc/arm-none-eabi/4.9.3/../../../../arm-none-eabi/lib/armv6-m\libc_nano.a(lib_a-memcmp.o)
                              _build/device_manager_peripheral.o (memcmp)
c:/program files (x86)/gnu tools arm embedded/4.9 2015q3/bin/../lib/gcc/arm-none-eabi/4.9.3/../../../../arm-none-eabi/lib/armv6-m\libc_nano.a(lib_a-memcpy.o)
                              _build/SEGGER_RTT.o (memcpy)
c:/program files (x86)/gnu tools arm embedded/4.9 2015q3/bin/../lib/gcc/arm-none-eabi/4.9.3/../../../../arm-none-eabi/lib/armv6-m\libc_nano.a(lib_a-signal.o)
                              c:/program files (x86)/gnu tools arm embedded/4.9 2015q3/bin/../lib/gcc/arm-none-eabi/4.9.3/../../../../arm-none-eabi/lib/armv6-m\libc_nano.a(lib_a-abort.o) (raise)
c:/program files (x86)/gnu tools arm embedded/4.9 2015q3/bin/../lib/gcc/arm-none-eabi/4.9.3/../../../../arm-none-eabi/lib/armv6-m\libc_nano.a(lib_a-signalr.o)
                              c:/program files (x86)/gnu tools arm embedded/4.9 2015q3/bin/../lib/gcc/arm-none-eabi/4.9.3/../../../../arm-none-eabi/lib/armv6-m\libc_nano.a(lib_a-signal.o) (_kill_r)
c:/program files (x86)/gnu tools arm embedded/4.9 2015q3/bin/../lib/gcc/arm-none-eabi/4.9.3/../../../../arm-none-eabi/lib/armv6-m\libc_nano.a(lib_a-strcpy.o)
                              _build/SEGGER_RTT.o (strcpy)
[...]
Memory Configuration

Name             Origin             Length             Attributes
FLASH            0x0001b000         0x00025000         xr
RAM              0x20002080         0x00005f80         xrw
*default*        0x00000000         0xffffffff

Linker script and memory map


.text           0x0001b000     0x235c
 *(.isr_vector)
 .isr_vector    0x0001b000       0xc0 _build/gcc_startup_nrf51.o
                0x0001b000                __isr_vector
 *(.text*)
 .text          0x0001b0c0       0x60 c:/program files (x86)/gnu tools arm embedded/4.9 2015q3/bin/../lib/gcc/arm-none-eabi/4.9.3/armv6-m/crtbegin.o
 .text          0x0001b120       0x78 c:/program files (x86)/gnu tools arm embedded/4.9 2015q3/bin/../lib/gcc/arm-none-eabi/4.9.3/../../../../arm-none-eabi/lib/armv6-m/crt0.o
                0x0001b120                _start
                0x0001b120                _mainCRTStartup
 .text.exit     0x0001b198       0x2c c:/program files (x86)/gnu tools arm embedded/4.9 2015q3/bin/../lib/gcc/arm-none-eabi/4.9.3/../../../../arm-none-eabi/lib/armv6-m\libc_nano.a(lib_a-exit.o)
                0x0001b198                exit
 .text.__libc_init_array
                0x0001b1c4       0x4c c:/program files (x86)/gnu tools arm embedded/4.9 2015q3/bin/../lib/gcc/arm-none-eabi/4.9.3/../../../../arm-none-eabi/lib/armv6-m\libc_nano.a(lib_a-init.o)
                0x0001b1c4                __libc_init_array
 .text.memset   0x0001b210       0x10 c:/program files (x86)/gnu tools arm embedded/4.9 2015q3/bin/../lib/gcc/arm-none-eabi/4.9.3/../../../../arm-none-eabi/lib/armv6-m\libc_nano.a(lib_a-memset.o)
                0x0001b210                memset
 .text._exit    0x0001b220        0x4 c:/program files (x86)/gnu tools arm embedded/4.9 2015q3/bin/../lib/gcc/arm-none-eabi/4.9.3/../../../../arm-none-eabi/lib/armv6-m\libnosys.a(_exit.o)
                0x0001b220                _exit
 .text.app_error_handler_bare
                0x0001b224       0x20 _build/app_error.o
                0x0001b224                app_error_handler_bare
 .text.app_error_fault_handler
                0x0001b244       0x1c _build/app_error_weak.o
                0x0001b244                app_error_fault_handler
 .text.rtc1_stop
                0x0001b260       0x78 _build/app_timer.o
 .text.RTC1_IRQHandler
                0x0001b2d8       0xdc _build/app_timer.o
                0x0001b2d8                RTC1_IRQHandler
 .text.SWI0_IRQHandler
                0x0001b3b4      0x448 _build/app_timer.o
                0x0001b3b4                SWI0_IRQHandler
 .text.GPIOTE_IRQHandler
                0x0001b7fc      0x2a8 _build/nrf_drv_gpiote.o
                0x0001b7fc                GPIOTE_IRQHandler
 .text.UART0_IRQHandler
                0x0001baa4      0x1a8 _build/nrf_drv_uart.o
                0x0001baa4                UART0_IRQHandler
 .text.SystemInit
                0x0001bc4c       0xec _build/system_nrf51.o
                0x0001bc4c                SystemInit
 .text.sd_evt_get
                0x0001bd38        0x4 _build/softdevice_handler.o
 .text.sd_ble_evt_get
                0x0001bd3c        0x4 _build/softdevice_handler.o
 .text.intern_softdevice_events_execute.part.0
                0x0001bd40       0xd8 _build/softdevice_handler.o
 .text.SWI2_IRQHandler
                0x0001be18       0x30 _build/softdevice_handler.o
                0x0001be18                SWI2_IRQHandler
 .text._ZN10LedWrapperC2Emb
                0x0001be48       0x18 _build/cpptest.o
                0x0001be48                LedWrapper::LedWrapper(unsigned long, bool)
                0x0001be48                LedWrapper::LedWrapper(unsigned long, bool)
 .text._ZN10LedWrapper2OnEv
                0x0001be60       0x24 _build/cpptest.o
                0x0001be60                LedWrapper::On()
 .text._ZN10LedWrapper3OffEv
                0x0001be84       0x24 _build/cpptest.o
                0x0001be84                LedWrapper::Off()
 .text._ZN10LedWrapper6ToggleEv
                0x0001bea8       0x18 _build/cpptest.o
                0x0001bea8                LedWrapper::Toggle()
 .text.sd_ble_gap_disconnect
                0x0001bec0        0x4 _build/main.o
 .text.sd_ble_gap_ppcp_set
                0x0001bec4        0x4 _build/main.o
 .text.sd_ble_gap_device_name_set
                0x0001bec8        0x4 _build/main.o
 .text.sd_power_system_off
                0x0001becc        0x4 _build/main.o
 .text._ZL26device_manager_evt_handlerPK13device_handlePK10dm_event_tm
                0x0001bed0       0x10 _build/main.o
 .text._ZL25conn_params_error_handlerm
                0x0001bee0        0x8 _build/main.o
 .text._ZL16sys_evt_dispatchm
                0x0001bee8       0x10 _build/main.o
 .text._ZL18on_conn_params_evtP21ble_conn_params_evt_t
                0x0001bef8       0x24 _build/main.o
 .text._ZL16ble_evt_dispatchP9ble_evt_t
                0x0001bf1c       0x48 _build/main.o
 .text._ZL10on_adv_evt13ble_adv_evt_t
                0x0001bf64       0x44 _build/main.o
 .text.startup.main
                0x0001bfa8      0x268 _build/main.o
                0x0001bfa8                main
 .text.startup._GLOBAL__sub_I__Z19assert_nrf_callbacktPKh
                0x0001c210       0x20 _build/main.o
 .text          0x0001c230       0x4c _build/gcc_startup_nrf51.o
                0x0001c230                Reset_Handler
                0x0001c270                NMI_Handler
                0x0001c272                HardFault_Handler
                0x0001c274                SVC_Handler
                0x0001c276                PendSV_Handler
                0x0001c278                SysTick_Handler
                0x0001c27a                RTC0_IRQHandler
                0x0001c27a                POWER_CLOCK_IRQHandler
                0x0001c27a                SPI0_TWI0_IRQHandler
                0x0001c27a                LPCOMP_IRQHandler
                0x0001c27a                SWI4_IRQHandler
                0x0001c27a                TEMP_IRQHandler
                0x0001c27a                QDEC_IRQHandler
                0x0001c27a                SWI5_IRQHandler
                0x0001c27a                TIMER0_IRQHandler
                0x0001c27a                RADIO_IRQHandler
                0x0001c27a                TIMER1_IRQHandler
                0x0001c27a                ECB_IRQHandler
                0x0001c27a                Default_Handler
                0x0001c27a                ADC_IRQHandler
                0x0001c27a                SWI3_IRQHandler
                0x0001c27a                CCM_AAR_IRQHandler
                0x0001c27a                WDT_IRQHandler
                0x0001c27a                TIMER2_IRQHandler
                0x0001c27a                RNG_IRQHandler
                0x0001c27a                SPI1_TWI1_IRQHandler
                0x0001c27a                SWI1_IRQHandler
 .text          0x0001c27c      0xa70 c:/program files (x86)/gnu tools arm embedded/4.9 2015q3/bin/../lib/gcc/arm-none-eabi/4.9.3/armv6-m\libgcc.a(unwind-arm.o)
                0x0001c554                _Unwind_GetCFA
                0x0001c558                __gnu_Unwind_RaiseException
                0x0001c5ac                __gnu_Unwind_ForcedUnwind
                0x0001c5c0                __gnu_Unwind_Resume
                0x0001c608                __gnu_Unwind_Resume_or_Rethrow
                0x0001c624                _Unwind_Complete
                0x0001c628                _Unwind_DeleteException
                0x0001c638                _Unwind_VRS_Get
                0x0001c684                _Unwind_VRS_Set
                0x0001c6d4                __gnu_Unwind_Backtrace
                0x0001ca34                __aeabi_unwind_cpp_pr0
                0x0001ca40                __aeabi_unwind_cpp_pr1
                0x0001ca4c                __aeabi_unwind_cpp_pr2
                0x0001ca58                _Unwind_VRS_Pop
 .text          0x0001ccec      0x144 c:/program files (x86)/gnu tools arm embedded/4.9 2015q3/bin/../lib/gcc/arm-none-eabi/4.9.3/armv6-m\libgcc.a(libunwind.o)
                0x0001ccec                __restore_core_regs
                0x0001ccec                restore_core_regs
                0x0001cd18                __gnu_Unwind_Restore_VFP
                0x0001cd1c                __gnu_Unwind_Save_VFP
                0x0001cd20                __gnu_Unwind_Restore_VFP_D
                0x0001cd24                __gnu_Unwind_Save_VFP_D
                0x0001cd28                __gnu_Unwind_Restore_VFP_D_16_to_31
                0x0001cd2c                __gnu_Unwind_Save_VFP_D_16_to_31
                0x0001cd30                __gnu_Unwind_Restore_WMMXD
                0x0001cd34                __gnu_Unwind_Save_WMMXD
                0x0001cd38                __gnu_Unwind_Restore_WMMXC
                0x0001cd3c                __gnu_Unwind_Save_WMMXC
                0x0001cd40                ___Unwind_RaiseException
                0x0001cd40                _Unwind_RaiseException
                0x0001cd70                _Unwind_Resume
                0x0001cd70                ___Unwind_Resume
                0x0001cda0                _Unwind_Resume_or_Rethrow
                0x0001cda0                ___Unwind_Resume_or_Rethrow
                0x0001cdd0                _Unwind_ForcedUnwind
                0x0001cdd0                ___Unwind_ForcedUnwind
                0x0001ce00                ___Unwind_Backtrace
                0x0001ce00                _Unwind_Backtrace
 .text          0x0001ce30      0x3b0 c:/program files (x86)/gnu tools arm embedded/4.9 2015q3/bin/../lib/gcc/arm-none-eabi/4.9.3/armv6-m\libgcc.a(pr-support.o)
                0x0001ce84                __gnu_unwind_execute
                0x0001d188                __gnu_unwind_frame
                0x0001d1b0                _Unwind_GetRegionStart
                0x0001d1bc                _Unwind_GetLanguageSpecificData
                0x0001d1d0                _Unwind_GetDataRelBase
                0x0001d1d8                _Unwind_GetTextRelBase
 .text.abort    0x0001d1e0        0xe c:/program files (x86)/gnu tools arm embedded/4.9 2015q3/bin/../lib/gcc/arm-none-eabi/4.9.3/../../../../arm-none-eabi/lib/armv6-m\libc_nano.a(lib_a-abort.o)
                0x0001d1e0                abort
 .text.memcpy   0x0001d1ee       0x12 c:/program files (x86)/gnu tools arm embedded/4.9 2015q3/bin/../lib/gcc/arm-none-eabi/4.9.3/../../../../arm-none-eabi/lib/armv6-m\libc_nano.a(lib_a-memcpy.o)
                0x0001d1ee                memcpy
 .text._raise_r
                0x0001d200       0x54 c:/program files (x86)/gnu tools arm embedded/4.9 2015q3/bin/../lib/gcc/arm-none-eabi/4.9.3/../../../../arm-none-eabi/lib/armv6-m\libc_nano.a(lib_a-signal.o)
                0x0001d200                _raise_r
 .text.raise    0x0001d254       0x14 c:/program files (x86)/gnu tools arm embedded/4.9 2015q3/bin/../lib/gcc/arm-none-eabi/4.9.3/../../../../arm-none-eabi/lib/armv6-m\libc_nano.a(lib_a-signal.o)
                0x0001d254                raise
 .text._kill_r  0x0001d268       0x24 c:/program files (x86)/gnu tools arm embedded/4.9 2015q3/bin/../lib/gcc/arm-none-eabi/4.9.3/../../../../arm-none-eabi/lib/armv6-m\libc_nano.a(lib_a-signalr.o)
                0x0001d268                _kill_r
 .text._getpid_r
                0x0001d28c        0x8 c:/program files (x86)/gnu tools arm embedded/4.9 2015q3/bin/../lib/gcc/arm-none-eabi/4.9.3/../../../../arm-none-eabi/lib/armv6-m\libc_nano.a(lib_a-signalr.o)
                0x0001d28c                _getpid_r
 .text.strlen   0x0001d294        0xe c:/program files (x86)/gnu tools arm embedded/4.9 2015q3/bin/../lib/gcc/arm-none-eabi/4.9.3/../../../../arm-none-eabi/lib/armv6-m\libc_nano.a(lib_a-strlen.o)
                0x0001d294                strlen
 *fill*         0x0001d2a2        0x2 
 .text._getpid  0x0001d2a4       0x10 c:/program files (x86)/gnu tools arm embedded/4.9 2015q3/bin/../lib/gcc/arm-none-eabi/4.9.3/../../../../arm-none-eabi/lib/armv6-m\libnosys.a(getpid.o)
                0x0001d2a4                _getpid
 .text._kill    0x0001d2b4       0x10 c:/program files (x86)/gnu tools arm embedded/4.9 2015q3/bin/../lib/gcc/arm-none-eabi/4.9.3/../../../../arm-none-eabi/lib/armv6-m\libnosys.a(kill.o)
                0x0001d2b4                _kill
 *(.init)
 .init          0x0001d2c4        0x4 c:/program files (x86)/gnu tools arm embedded/4.9 2015q3/bin/../lib/gcc/arm-none-eabi/4.9.3/armv6-m/crti.o
                0x0001d2c4                _init
 .init          0x0001d2c8        0x8 c:/program files (x86)/gnu tools arm embedded/4.9 2015q3/bin/../lib/gcc/arm-none-eabi/4.9.3/armv6-m/crtn.o
 *(.fini)
 .fini          0x0001d2d0        0x4 c:/program files (x86)/gnu tools arm embedded/4.9 2015q3/bin/../lib/gcc/arm-none-eabi/4.9.3/armv6-m/crti.o
                0x0001d2d0                _fini
 .fini          0x0001d2d4        0x8 c:/program files (x86)/gnu tools arm embedded/4.9 2015q3/bin/../lib/gcc/arm-none-eabi/4.9.3/armv6-m/crtn.o
 *crtbegin.o(.ctors)
 *crtbegin?.o(.ctors)
 *(EXCLUDE_FILE(*crtend.o *crtend?.o) .ctors)
 *(SORT(.ctors.*))
 *(.ctors)
 *crtbegin.o(.dtors)
 *crtbegin?.o(.dtors)
 *(EXCLUDE_FILE(*crtend.o *crtend?.o) .dtors)
 *(SORT(.dtors.*))
 *(.dtors)
 *(.rodata*)
 .rodata.str1.1
                0x0001d2dc        0x2 c:/program files (x86)/gnu tools arm embedded/4.9 2015q3/bin/../lib/gcc/arm-none-eabi/4.9.3/../../../../arm-none-eabi/lib/armv6-m\libc_nano.a(lib_a-impure.o)
 *fill*         0x0001d2de        0x2 
 .rodata._global_impure_ptr
                0x0001d2e0        0x4 c:/program files (x86)/gnu tools arm embedded/4.9 2015q3/bin/../lib/gcc/arm-none-eabi/4.9.3/../../../../arm-none-eabi/lib/armv6-m\libc_nano.a(lib_a-impure.o)
                0x0001d2e0                _global_impure_ptr
 .rodata        0x0001d2e4        0x4 _build/main.o
 .rodata.str1.4
                0x0001d2e8       0x10 _build/main.o
 .rodata.__sf_fake_stdin
                0x0001d2f8       0x20 c:/program files (x86)/gnu tools arm embedded/4.9 2015q3/bin/../lib/gcc/arm-none-eabi/4.9.3/../../../../arm-none-eabi/lib/armv6-m\libc_nano.a(lib_a-findfp.o)
                0x0001d2f8                __sf_fake_stdin
 .rodata.__sf_fake_stdout
                0x0001d318       0x20 c:/program files (x86)/gnu tools arm embedded/4.9 2015q3/bin/../lib/gcc/arm-none-eabi/4.9.3/../../../../arm-none-eabi/lib/armv6-m\libc_nano.a(lib_a-findfp.o)
                0x0001d318                __sf_fake_stdout
 .rodata.__sf_fake_stderr
                0x0001d338       0x20 c:/program files (x86)/gnu tools arm embedded/4.9 2015q3/bin/../lib/gcc/arm-none-eabi/4.9.3/../../../../arm-none-eabi/lib/armv6-m\libc_nano.a(lib_a-findfp.o)
                0x0001d338                __sf_fake_stderr
 *(.eh_frame*)
 .eh_frame      0x0001d358        0x0 c:/program files (x86)/gnu tools arm embedded/4.9 2015q3/bin/../lib/gcc/arm-none-eabi/4.9.3/armv6-m/crtbegin.o
 .eh_frame      0x0001d358        0x4 c:/program files (x86)/gnu tools arm embedded/4.9 2015q3/bin/../lib/gcc/arm-none-eabi/4.9.3/armv6-m/crtend.o

.glue_7         0x0001d35c        0x0
 .glue_7        0x00000000        0x0 linker stubs

.glue_7t        0x0001d35c        0x0
 .glue_7t       0x00000000        0x0 linker stubs

.vfp11_veneer   0x0001d35c        0x0
 .vfp11_veneer  0x00000000        0x0 linker stubs

.v4_bx          0x0001d35c        0x0
 .v4_bx         0x00000000        0x0 linker stubs

.iplt           0x0001d35c        0x0
 .iplt          0x00000000        0x0 c:/program files (x86)/gnu tools arm embedded/4.9 2015q3/bin/../lib/gcc/arm-none-eabi/4.9.3/armv6-m/crtbegin.o

.ARM.extab      0x0001d35c       0xd8
 *(.ARM.extab* .gnu.linkonce.armextab.*)
 .ARM.extab.text._ZL26device_manager_evt_handlerPK13device_handlePK10dm_event_tm
                0x0001d35c        0xc _build/main.o
 .ARM.extab.text._ZL25conn_params_error_handlerm
                0x0001d368        0xc _build/main.o
 .ARM.extab.text._ZL18on_conn_params_evtP21ble_conn_params_evt_t
                0x0001d374        0xc _build/main.o
 .ARM.extab.text._ZL10on_adv_evt13ble_adv_evt_t
                0x0001d380        0xc _build/main.o
 .ARM.extab.text.startup.main
                0x0001d38c        0xc _build/main.o
 .ARM.extab     0x0001d398       0x6c c:/program files (x86)/gnu tools arm embedded/4.9 2015q3/bin/../lib/gcc/arm-none-eabi/4.9.3/armv6-m\libgcc.a(unwind-arm.o)
 .ARM.extab     0x0001d404       0x30 c:/program files (x86)/gnu tools arm embedded/4.9 2015q3/bin/../lib/gcc/arm-none-eabi/4.9.3/armv6-m\libgcc.a(pr-support.o)
                0x0001d434                __exidx_start = .

.ARM.exidx      0x0001d434      0x120
 *(.ARM.exidx* .gnu.linkonce.armexidx.*)
 .ARM.exidx     0x0001d434        0x8 c:/program files (x86)/gnu tools arm embedded/4.9 2015q3/bin/../lib/gcc/arm-none-eabi/4.9.3/../../../../arm-none-eabi/lib/armv6-m/crt0.o
 .ARM.exidx.text._ZN10LedWrapperC2Emb
                0x0001d43c        0x0 _build/cpptest.o
                                  0x8 (size before relaxing)
 .ARM.exidx.text._ZN10LedWrapper2OnEv
                0x0001d43c        0x0 _build/cpptest.o
                                  0x8 (size before relaxing)
 .ARM.exidx.text._ZN10LedWrapper3OffEv
                0x0001d43c        0x0 _build/cpptest.o
                                  0x8 (size before relaxing)
 .ARM.exidx.text._ZN10LedWrapper6ToggleEv
                0x0001d43c        0x0 _build/cpptest.o
                                  0x8 (size before relaxing)
 .ARM.exidx.text.sd_ble_gap_disconnect
                0x0001d43c        0x0 _build/main.o
                                  0x8 (size before relaxing)
 .ARM.exidx.text.sd_ble_gap_ppcp_set
                0x0001d43c        0x0 _build/main.o
                                  0x8 (size before relaxing)
 .ARM.exidx.text.sd_ble_gap_device_name_set
                0x0001d43c        0x0 _build/main.o
                                  0x8 (size before relaxing)
 .ARM.exidx.text.sd_power_system_off
                0x0001d43c        0x0 _build/main.o
                                  0x8 (size before relaxing)
 .ARM.exidx.text._ZL26device_manager_evt_handlerPK13device_handlePK10dm_event_tm
                0x0001d43c        0x8 _build/main.o
 .ARM.exidx.text._ZL25conn_params_error_handlerm
                0x0001d444        0x8 _build/main.o
 .ARM.exidx.text._ZL16sys_evt_dispatchm
                0x0001d44c        0x8 _build/main.o
 .ARM.exidx.text._ZL18on_conn_params_evtP21ble_conn_params_evt_t
                0x0001d454        0x8 _build/main.o
 .ARM.exidx.text._ZL16ble_evt_dispatchP9ble_evt_t
                0x0001d45c        0x8 _build/main.o
 .ARM.exidx.text._ZL10on_adv_evt13ble_adv_evt_t
                0x0001d464        0x8 _build/main.o
 .ARM.exidx.text.startup.main
                0x0001d46c        0x8 _build/main.o
 .ARM.exidx.text.startup._GLOBAL__sub_I__Z19assert_nrf_callbacktPKh
                0x0001d474        0x8 _build/main.o
 .ARM.exidx     0x0001d47c       0xa0 c:/program files (x86)/gnu tools arm embedded/4.9 2015q3/bin/../lib/gcc/arm-none-eabi/4.9.3/armv6-m\libgcc.a(unwind-arm.o)
                                 0xd8 (size before relaxing)
 .ARM.exidx     0x0001d51c       0x38 c:/program files (x86)/gnu tools arm embedded/4.9 2015q3/bin/../lib/gcc/arm-none-eabi/4.9.3/armv6-m\libgcc.a(pr-support.o)
                                 0x48 (size before relaxing)
                0x0001d554                __exidx_end = .
                0x0001d554                __etext = .

.rel.dyn        0x0001d554        0x0
 .rel.iplt      0x00000000        0x0 c:/program files (x86)/gnu tools arm embedded/4.9 2015q3/bin/../lib/gcc/arm-none-eabi/4.9.3/armv6-m/crtbegin.o

.data           0x20002080       0x7c load address 0x0001d554
                0x20002080                __data_start__ = .
 *(vtable)
 *(.data*)
 .data.impure_data
                0x20002080       0x60 c:/program files (x86)/gnu tools arm embedded/4.9 2015q3/bin/../lib/gcc/arm-none-eabi/4.9.3/../../../../arm-none-eabi/lib/armv6-m\libc_nano.a(lib_a-impure.o)
 .data._impure_ptr
                0x200020e0        0x4 c:/program files (x86)/gnu tools arm embedded/4.9 2015q3/bin/../lib/gcc/arm-none-eabi/4.9.3/../../../../arm-none-eabi/lib/armv6-m\libc_nano.a(lib_a-impure.o)
                0x200020e0                _impure_ptr
 .data._ZL11m_adv_uuids
                0x200020e4        0x4 _build/main.o
 .data._ZL13m_conn_handle
                0x200020e8        0x2 _build/main.o
                0x200020ec                . = ALIGN (0x4)
 *fill*         0x200020ea        0x2 
                0x200020ec                PROVIDE (__preinit_array_start, .)
 *(.preinit_array)
                0x200020ec                PROVIDE (__preinit_array_end, .)
                0x200020ec                . = ALIGN (0x4)
                0x200020ec                PROVIDE (__init_array_start, .)
 *(SORT(.init_array.*))
 *(.init_array)
 .init_array    0x200020ec        0x4 c:/program files (x86)/gnu tools arm embedded/4.9 2015q3/bin/../lib/gcc/arm-none-eabi/4.9.3/armv6-m/crtbegin.o
 .init_array    0x200020f0        0x4 _build/main.o
                0x200020f4                PROVIDE (__init_array_end, .)
                0x200020f4                . = ALIGN (0x4)
                0x200020f4                PROVIDE (__fini_array_start, .)
 *(SORT(.fini_array.*))
 *(.fini_array)
 .fini_array    0x200020f4        0x4 c:/program files (x86)/gnu tools arm embedded/4.9 2015q3/bin/../lib/gcc/arm-none-eabi/4.9.3/armv6-m/crtbegin.o
                0x200020f8                PROVIDE (__fini_array_end, .)
 *(.jcr*)
 .jcr           0x200020f8        0x0 c:/program files (x86)/gnu tools arm embedded/4.9 2015q3/bin/../lib/gcc/arm-none-eabi/4.9.3/armv6-m/crtbegin.o
 .jcr           0x200020f8        0x4 c:/program files (x86)/gnu tools arm embedded/4.9 2015q3/bin/../lib/gcc/arm-none-eabi/4.9.3/armv6-m/crtend.o
                0x200020fc                . = ALIGN (0x4)
                0x200020fc                __data_end__ = .
LOAD c:/program files (x86)/gnu tools arm embedded/4.9 2015q3/bin/../lib/gcc/arm-none-eabi/4.9.3/armv6-m/crti.o
LOAD c:/program files (x86)/gnu tools arm embedded/4.9 2015q3/bin/../lib/gcc/arm-none-eabi/4.9.3/armv6-m/crtbegin.o
LOAD c:/program files (x86)/gnu tools arm embedded/4.9 2015q3/bin/../lib/gcc/arm-none-eabi/4.9.3/../../../../arm-none-eabi/lib/armv6-m/crt0.o
LOAD c:/program files (x86)/gnu tools arm embedded/4.9 2015q3/bin/../lib/gcc/arm-none-eabi/4.9.3/../../../../arm-none-eabi/lib/armv6-m\libc_nano.a
LOAD c:/program files (x86)/gnu tools arm embedded/4.9 2015q3/bin/../lib/gcc/arm-none-eabi/4.9.3/../../../../arm-none-eabi/lib/armv6-m\libnosys.a
LOAD _build/app_button.o
LOAD _build/app_error.o
LOAD _build/app_error_weak.o
LOAD _build/app_timer.o
LOAD _build/app_trace.o
LOAD _build/app_util_platform.o
LOAD _build/fstorage.o
LOAD _build/nrf_assert.o
LOAD _build/nrf_log.o
LOAD _build/retarget.o
LOAD _build/sensorsim.o
LOAD _build/RTT_Syscalls_GCC.o
LOAD _build/SEGGER_RTT.o
LOAD _build/SEGGER_RTT_printf.o
LOAD _build/app_uart.o
LOAD _build/nrf_delay.o
LOAD _build/nrf_drv_common.o
LOAD _build/nrf_drv_gpiote.o
LOAD _build/nrf_drv_uart.o
LOAD _build/pstorage.o
LOAD _build/bsp.o
LOAD _build/bsp_btn_ble.o
LOAD _build/ble_advdata.o
LOAD _build/ble_advertising.o
LOAD _build/ble_conn_params.o
LOAD _build/ble_srv_common.o
LOAD _build/device_manager_peripheral.o
LOAD _build/system_nrf51.o
LOAD _build/softdevice_handler.o
LOAD _build/cpptest.o
LOAD _build/main.o
LOAD _build/gcc_startup_nrf51.o
LOAD c:/program files (x86)/gnu tools arm embedded/4.9 2015q3/bin/../lib/gcc/arm-none-eabi/4.9.3/../../../../arm-none-eabi/lib/armv6-m\libm.a
START GROUP
LOAD c:/program files (x86)/gnu tools arm embedded/4.9 2015q3/bin/../lib/gcc/arm-none-eabi/4.9.3/armv6-m\libgcc.a
LOAD c:/program files (x86)/gnu tools arm embedded/4.9 2015q3/bin/../lib/gcc/arm-none-eabi/4.9.3/../../../../arm-none-eabi/lib/armv6-m\libc_nano.a
END GROUP
START GROUP
LOAD c:/program files (x86)/gnu tools arm embedded/4.9 2015q3/bin/../lib/gcc/arm-none-eabi/4.9.3/armv6-m\libgcc.a
LOAD c:/program files (x86)/gnu tools arm embedded/4.9 2015q3/bin/../lib/gcc/arm-none-eabi/4.9.3/../../../../arm-none-eabi/lib/armv6-m\libc_nano.a
END GROUP
LOAD c:/program files (x86)/gnu tools arm embedded/4.9 2015q3/bin/../lib/gcc/arm-none-eabi/4.9.3/armv6-m/crtend.o
LOAD c:/program files (x86)/gnu tools arm embedded/4.9 2015q3/bin/../lib/gcc/arm-none-eabi/4.9.3/armv6-m/crtn.o
START GROUP
LOAD c:/program files (x86)/gnu tools arm embedded/4.9 2015q3/bin/../lib/gcc/arm-none-eabi/4.9.3/armv6-m\libgcc.a
LOAD c:/program files (x86)/gnu tools arm embedded/4.9 2015q3/bin/../lib/gcc/arm-none-eabi/4.9.3/../../../../arm-none-eabi/lib/armv6-m\libc.a
LOAD c:/program files (x86)/gnu tools arm embedded/4.9 2015q3/bin/../lib/gcc/arm-none-eabi/4.9.3/../../../../arm-none-eabi/lib/armv6-m\libnosys.a
END GROUP

.igot.plt       0x200020fc        0x0 load address 0x0001d5d0
 .igot.plt      0x00000000        0x0 c:/program files (x86)/gnu tools arm embedded/4.9 2015q3/bin/../lib/gcc/arm-none-eabi/4.9.3/armv6-m/crtbegin.o

.fs_data        0x200020fc        0x0
                0x200020fc                PROVIDE (__start_fs_data, .)
 *(.fs_data)
                0x200020fc                PROVIDE (__stop_fs_data, .)

.bss            0x200020fc      0x2e0 load address 0x0001d5d0
                0x200020fc                . = ALIGN (0x4)
                0x200020fc                __bss_start__ = .
 *(.bss*)
 .bss           0x200020fc       0x1c c:/program files (x86)/gnu tools arm embedded/4.9 2015q3/bin/../lib/gcc/arm-none-eabi/4.9.3/armv6-m/crtbegin.o
 .bss.m_ticks_latest
                0x20002118        0x4 _build/app_timer.o
 .bss.mp_timer_id_head
                0x2000211c        0x4 _build/app_timer.o
 .bss.m_evt_schedule_func
                0x20002120        0x4 _build/app_timer.o
 .bss.m_user_array_size
                0x20002124        0x1 _build/app_timer.o
 *fill*         0x20002125        0x3 
 .bss.mp_users  0x20002128        0x4 _build/app_timer.o
 .bss.m_ticks_elapsed_q_read_ind
                0x2000212c        0x1 _build/app_timer.o
 .bss.m_ticks_elapsed_q_write_ind
                0x2000212d        0x1 _build/app_timer.o
 .bss.m_rtc1_reset
                0x2000212e        0x1 _build/app_timer.o
 *fill*         0x2000212f        0x1 
 .bss.m_ticks_elapsed
                0x20002130        0x8 _build/app_timer.o
 .bss.m_rtc1_running
                0x20002138        0x1 _build/app_timer.o
 *fill*         0x20002139        0x3 
 .bss.m_cb      0x2000213c       0x48 _build/nrf_drv_gpiote.o
 .bss.m_cb      0x20002184       0x1c _build/nrf_drv_uart.o
 .bss.m_softdevice_enabled
                0x200021a0        0x1 _build/softdevice_handler.o
 *fill*         0x200021a1        0x1 
 .bss.m_ble_evt_buffer_size
                0x200021a2        0x2 _build/softdevice_handler.o
 .bss.mp_ble_evt_buffer
                0x200021a4        0x4 _build/softdevice_handler.o
 .bss.m_sys_evt_handler
                0x200021a8        0x4 _build/softdevice_handler.o
 .bss.m_ble_evt_handler
                0x200021ac        0x4 _build/softdevice_handler.o
 .bss.m_evt_schedule_func
                0x200021b0        0x4 _build/softdevice_handler.o
 .bss._ZL12m_app_handle
                0x200021b4        0x1 _build/main.o
 *fill*         0x200021b5        0x3 
 .bss._ZZL11timers_initvE13APP_TIMER_BUF
                0x200021b8      0x1c8 _build/main.o
 .bss.myLED1    0x20002380        0x8 _build/main.o
                0x20002380                myLED1
 .bss.myLED2    0x20002388        0x8 _build/main.o
                0x20002388                myLED2
 .bss._ZZL14ble_stack_initvE14BLE_EVT_BUFFER
                0x20002390       0x48 _build/main.o
 *(COMMON)
 COMMON         0x200023d8        0x4 c:/program files (x86)/gnu tools arm embedded/4.9 2015q3/bin/../lib/gcc/arm-none-eabi/4.9.3/../../../../arm-none-eabi/lib/armv6-m\libc_nano.a(lib_a-reent.o)
                0x200023d8                errno
                0x200023dc                . = ALIGN (0x4)
                0x200023dc                __bss_end__ = .

.heap           0x200023e0      0x800
                0x200023e0                __end__ = .
                0x200023e0                PROVIDE (end, .)
 *(.heap*)
 .heap          0x200023e0      0x800 _build/gcc_startup_nrf51.o
                0x200023e0                __HeapBase
                0x20002be0                __HeapLimit = .

.stack_dummy    0x200023e0      0x800
 *(.stack*)
 .stack         0x200023e0      0x800 _build/gcc_startup_nrf51.o
                0x20008000                __StackTop = (ORIGIN (RAM) + 0x5f80)
                0x20007800                __StackLimit = (__StackTop - SIZEOF (.stack_dummy))
                0x20008000                PROVIDE (__stack, __StackTop)
                0x00000001                ASSERT ((__StackLimit >= __HeapLimit), region RAM overflowed with stack)
OUTPUT(_build/nrf51422_xxac_s130.out elf32-littlearm)

.ARM.attributes
                0x00000000       0x28
 .ARM.attributes
                0x00000000       0x1e c:/program files (x86)/gnu tools arm embedded/4.9 2015q3/bin/../lib/gcc/arm-none-eabi/4.9.3/armv6-m/crti.o
 .ARM.attributes
                0x0000001e       0x2c c:/program files (x86)/gnu tools arm embedded/4.9 2015q3/bin/../lib/gcc/arm-none-eabi/4.9.3/armv6-m/crtbegin.o
 .ARM.attributes
                0x0000004a       0x1b c:/program files (x86)/gnu tools arm embedded/4.9 2015q3/bin/../lib/gcc/arm-none-eabi/4.9.3/../../../../arm-none-eabi/lib/armv6-m/crt0.o
 .ARM.attributes
                0x00000065       0x2c c:/program files (x86)/gnu tools arm embedded/4.9 2015q3/bin/../lib/gcc/arm-none-eabi/4.9.3/../../../../arm-none-eabi/lib/armv6-m\libc_nano.a(lib_a-exit.o)
 .ARM.attributes
                0x00000091       0x2c c:/program files (x86)/gnu tools arm embedded/4.9 2015q3/bin/../lib/gcc/arm-none-eabi/4.9.3/../../../../arm-none-eabi/lib/armv6-m\libc_nano.a(lib_a-impure.o)
 .ARM.attributes
                0x000000bd       0x2c c:/program files (x86)/gnu tools arm embedded/4.9 2015q3/bin/../lib/gcc/arm-none-eabi/4.9.3/../../../../arm-none-eabi/lib/armv6-m\libc_nano.a(lib_a-init.o)
 .ARM.attributes
                0x000000e9       0x2c c:/program files (x86)/gnu tools arm embedded/4.9 2015q3/bin/../lib/gcc/arm-none-eabi/4.9.3/../../../../arm-none-eabi/lib/armv6-m\libc_nano.a(lib_a-memset.o)
 .ARM.attributes
                0x00000115       0x2c c:/program files (x86)/gnu tools arm embedded/4.9 2015q3/bin/../lib/gcc/arm-none-eabi/4.9.3/../../../../arm-none-eabi/lib/armv6-m\libnosys.a(_exit.o)
 .ARM.attributes
                0x00000141       0x31 _build/app_error.o
 .ARM.attributes
                0x00000172       0x31 _build/app_error_weak.o
 .ARM.attributes
                0x000001a3       0x31 _build/app_timer.o
 .ARM.attributes
                0x000001d4       0x31 _build/nrf_drv_gpiote.o
 .ARM.attributes
                0x00000205       0x31 _build/nrf_drv_uart.o
 .ARM.attributes
                0x00000236       0x31 _build/system_nrf51.o
 .ARM.attributes
                0x00000267       0x31 _build/softdevice_handler.o
 .ARM.attributes
                0x00000298       0x31 _build/cpptest.o
 .ARM.attributes
                0x000002c9       0x31 _build/main.o
 .ARM.attributes
                0x000002fa       0x1b _build/gcc_startup_nrf51.o
 .ARM.attributes
                0x00000315       0x2c c:/program files (x86)/gnu tools arm embedded/4.9 2015q3/bin/../lib/gcc/arm-none-eabi/4.9.3/../../../../arm-none-eabi/lib/armv6-m\libc_nano.a(lib_a-memcpy.o)
 .ARM.attributes
                0x00000341       0x2c c:/program files (x86)/gnu tools arm embedded/4.9 2015q3/bin/../lib/gcc/arm-none-eabi/4.9.3/../../../../arm-none-eabi/lib/armv6-m\libc_nano.a(lib_a-strlen.o)
 .ARM.attributes
                0x0000036d       0x2c c:/program files (x86)/gnu tools arm embedded/4.9 2015q3/bin/../lib/gcc/arm-none-eabi/4.9.3/../../../../arm-none-eabi/lib/armv6-m\libc_nano.a(lib_a-findfp.o)
 .ARM.attributes
                0x00000399       0x2c c:/program files (x86)/gnu tools arm embedded/4.9 2015q3/bin/../lib/gcc/arm-none-eabi/4.9.3/armv6-m/crtend.o
 .ARM.attributes
                0x000003c5       0x1e c:/program files (x86)/gnu tools arm embedded/4.9 2015q3/bin/../lib/gcc/arm-none-eabi/4.9.3/armv6-m/crtn.o

.comment        0x00000000       0x70
 .comment       0x00000000       0x70 _build/app_error.o
                                 0x71 (size before relaxing)
 .comment       0x00000000       0x71 _build/app_error_weak.o
 .comment       0x00000000       0x71 _build/app_timer.o
 .comment       0x00000000       0x71 _build/nrf_drv_gpiote.o
 .comment       0x00000000       0x71 _build/nrf_drv_uart.o
 .comment       0x00000000       0x71 _build/system_nrf51.o
 .comment       0x00000000       0x71 _build/softdevice_handler.o
 .comment       0x00000000       0x71 _build/cpptest.o
 .comment       0x00000000       0x71 _build/main.o

.debug_frame    0x00000000      0xa54
 .debug_frame   0x00000000       0x28 c:/program files (x86)/gnu tools arm embedded/4.9 2015q3/bin/../lib/gcc/arm-none-eabi/4.9.3/../../../../arm-none-eabi/lib/armv6-m\libc_nano.a(lib_a-exit.o)
 .debug_frame   0x00000028       0x2c c:/program files (x86)/gnu tools arm embedded/4.9 2015q3/bin/../lib/gcc/arm-none-eabi/4.9.3/../../../../arm-none-eabi/lib/armv6-m\libc_nano.a(lib_a-init.o)
 .debug_frame   0x00000054       0x20 c:/program files (x86)/gnu tools arm embedded/4.9 2015q3/bin/../lib/gcc/arm-none-eabi/4.9.3/../../../../arm-none-eabi/lib/armv6-m\libc_nano.a(lib_a-memset.o)
 .debug_frame   0x00000074       0x20 c:/program files (x86)/gnu tools arm embedded/4.9 2015q3/bin/../lib/gcc/arm-none-eabi/4.9.3/../../../../arm-none-eabi/lib/armv6-m\libnosys.a(_exit.o)
 .debug_frame   0x00000094       0x5c _build/app_error.o
 .debug_frame   0x000000f0       0x20 _build/app_error_weak.o
 .debug_frame   0x00000110      0x128 _build/app_timer.o
 .debug_frame   0x00000238      0x200 _build/nrf_drv_gpiote.o
 .debug_frame   0x00000438      0x12c _build/nrf_drv_uart.o
 .debug_frame   0x00000564       0x30 _build/system_nrf51.o
 .debug_frame   0x00000594      0x180 _build/softdevice_handler.o
 .debug_frame   0x00000714       0x68 _build/cpptest.o
 .debug_frame   0x0000077c      0x150 _build/main.o
 .debug_frame   0x000008cc       0x28 c:/program files (x86)/gnu tools arm embedded/4.9 2015q3/bin/../lib/gcc/arm-none-eabi/4.9.3/../../../../arm-none-eabi/lib/armv6-m\libc_nano.a(lib_a-memcpy.o)
 .debug_frame   0x000008f4       0x20 c:/program files (x86)/gnu tools arm embedded/4.9 2015q3/bin/../lib/gcc/arm-none-eabi/4.9.3/../../../../arm-none-eabi/lib/armv6-m\libc_nano.a(lib_a-strlen.o)
 .debug_frame   0x00000914      0x140 c:/program files (x86)/gnu tools arm embedded/4.9 2015q3/bin/../lib/gcc/arm-none-eabi/4.9.3/../../../../arm-none-eabi/lib/armv6-m\libc_nano.a(lib_a-findfp.o)

.debug_info     0x00000000     0xc004
 .debug_info    0x00000000      0x334 _build/app_error.o
 .debug_info    0x00000334      0x1ec _build/app_error_weak.o
 .debug_info    0x00000520     0x1bf6 _build/app_timer.o
 .debug_info    0x00002116     0x1f9a _build/nrf_drv_gpiote.o
 .debug_info    0x000040b0     0x24b4 _build/nrf_drv_uart.o
 .debug_info    0x00006564      0x1d9 _build/system_nrf51.o
 .debug_info    0x0000673d     0x20b7 _build/softdevice_handler.o
 .debug_info    0x000087f4      0x337 _build/cpptest.o
 .debug_info    0x00008b2b     0x34d9 _build/main.o

.debug_abbrev   0x00000000     0x1bb4
 .debug_abbrev  0x00000000      0x130 _build/app_error.o
 .debug_abbrev  0x00000130      0x108 _build/app_error_weak.o
 .debug_abbrev  0x00000238      0x403 _build/app_timer.o
 .debug_abbrev  0x0000063b      0x462 _build/nrf_drv_gpiote.o
 .debug_abbrev  0x00000a9d      0x3f8 _build/nrf_drv_uart.o
 .debug_abbrev  0x00000e95       0xfc _build/system_nrf51.o
 .debug_abbrev  0x00000f91      0x4ed _build/softdevice_handler.o
 .debug_abbrev  0x0000147e      0x1d6 _build/cpptest.o
 .debug_abbrev  0x00001654      0x560 _build/main.o

.debug_loc      0x00000000     0x495e
 .debug_loc     0x00000000      0x149 _build/app_error.o
 .debug_loc     0x00000149       0x21 _build/app_error_weak.o
 .debug_loc     0x0000016a     0x125e _build/app_timer.o
 .debug_loc     0x000013c8     0x1882 _build/nrf_drv_gpiote.o
 .debug_loc     0x00002c4a     0x1170 _build/nrf_drv_uart.o
 .debug_loc     0x00003dba      0x438 _build/softdevice_handler.o
 .debug_loc     0x000041f2       0x4e _build/cpptest.o
 .debug_loc     0x00004240      0x71e _build/main.o

.debug_aranges  0x00000000      0x370
 .debug_aranges
                0x00000000       0x30 _build/app_error.o
 .debug_aranges
                0x00000030       0x20 _build/app_error_weak.o
 .debug_aranges
                0x00000050       0x68 _build/app_timer.o
 .debug_aranges
                0x000000b8       0xb8 _build/nrf_drv_gpiote.o
 .debug_aranges
                0x00000170       0x70 _build/nrf_drv_uart.o
 .debug_aranges
                0x000001e0       0x28 _build/system_nrf51.o
 .debug_aranges
                0x00000208       0xa0 _build/softdevice_handler.o
 .debug_aranges
                0x000002a8       0x40 _build/cpptest.o
 .debug_aranges
                0x000002e8       0x88 _build/main.o

.debug_ranges   0x00000000     0x1990
 .debug_ranges  0x00000000       0x20 _build/app_error.o
 .debug_ranges  0x00000020       0x10 _build/app_error_weak.o
 .debug_ranges  0x00000030      0x640 _build/app_timer.o
 .debug_ranges  0x00000670      0x908 _build/nrf_drv_gpiote.o
 .debug_ranges  0x00000f78      0x4b0 _build/nrf_drv_uart.o
 .debug_ranges  0x00001428       0x78 _build/system_nrf51.o
 .debug_ranges  0x000014a0      0x148 _build/softdevice_handler.o
 .debug_ranges  0x000015e8       0x30 _build/cpptest.o
 .debug_ranges  0x00001618      0x378 _build/main.o

.debug_macro    0x00000000     0x3492
 .debug_macro   0x00000000      0x212 _build/app_error.o
 .debug_macro   0x00000212       0x34 _build/app_error.o
 .debug_macro   0x00000246      0x20c _build/app_error_weak.o
 .debug_macro   0x00000452      0x336 _build/app_timer.o
 .debug_macro   0x00000788       0x41 _build/app_timer.o
 .debug_macro   0x000007c9       0x16 _build/app_timer.o
 .debug_macro   0x000007df       0x16 _build/app_timer.o
 .debug_macro   0x000007f5       0x29 _build/app_timer.o
 .debug_macro   0x0000081e       0x16 _build/app_timer.o
 .debug_macro   0x00000834       0x40 _build/app_timer.o
 .debug_macro   0x00000874       0x64 _build/app_timer.o
 .debug_macro   0x000008d8       0x22 _build/app_timer.o
 .debug_macro   0x000008fa       0x5b _build/app_timer.o
 .debug_macro   0x00000955       0x16 _build/app_timer.o
 .debug_macro   0x0000096b      0x2df _build/nrf_drv_gpiote.o
 .debug_macro   0x00000c4a       0x10 _build/nrf_drv_gpiote.o
 .debug_macro   0x00000c5a      0x2d9 _build/nrf_drv_uart.o
 .debug_macro   0x00000f33       0xd0 _build/system_nrf51.o
 .debug_macro   0x00001003      0x3c4 _build/softdevice_handler.o
 .debug_macro   0x000013c7       0x10 _build/softdevice_handler.o
 .debug_macro   0x000013d7       0x1c _build/softdevice_handler.o
 .debug_macro   0x000013f3       0x8e _build/softdevice_handler.o
 .debug_macro   0x00001481      0x3fa _build/softdevice_handler.o
 .debug_macro   0x0000187b       0x40 _build/softdevice_handler.o
 .debug_macro   0x000018bb       0x10 _build/softdevice_handler.o
 .debug_macro   0x000018cb       0x10 _build/softdevice_handler.o
 .debug_macro   0x000018db      0x401 _build/softdevice_handler.o
 .debug_macro   0x00001cdc       0x22 _build/softdevice_handler.o
 .debug_macro   0x00001cfe       0xc7 _build/cpptest.o
 .debug_macro   0x00001dc5      0x86e _build/cpptest.o
 .debug_macro   0x00002633      0x30d _build/cpptest.o
 .debug_macro   0x00002940      0x4d6 _build/main.o
 .debug_macro   0x00002e16       0x28 _build/main.o
 .debug_macro   0x00002e3e       0x9c _build/main.o
 .debug_macro   0x00002eda      0x166 _build/main.o
 .debug_macro   0x00003040       0x43 _build/main.o
 .debug_macro   0x00003083      0x2b2 _build/main.o
 .debug_macro   0x00003335       0x35 _build/main.o
 .debug_macro   0x0000336a       0x16 _build/main.o
 .debug_macro   0x00003380       0xbe _build/main.o
 .debug_macro   0x0000343e       0x16 _build/main.o
 .debug_macro   0x00003454       0x1c _build/main.o
 .debug_macro   0x00003470       0x22 _build/main.o

.debug_line     0x00000000     0x5013
 .debug_line    0x00000000      0x540 _build/app_error.o
 .debug_line    0x00000540      0x503 _build/app_error_weak.o
 .debug_line    0x00000a43      0xbb4 _build/app_timer.o
 .debug_line    0x000015f7      0xf0e _build/nrf_drv_gpiote.o
 .debug_line    0x00002505      0xc7a _build/nrf_drv_uart.o
 .debug_line    0x0000317f      0x394 _build/system_nrf51.o
 .debug_line    0x00003513      0x9cf _build/softdevice_handler.o
 .debug_line    0x00003ee2      0x3ee _build/cpptest.o
 .debug_line    0x000042d0      0xd43 _build/main.o

.debug_str      0x00000000    0x45f6b
 .debug_str     0x00000000    0x33859 _build/app_error.o
                              0x33abe (size before relaxing)
 .debug_str     0x00033859       0x9e _build/app_error_weak.o
                              0x339fc (size before relaxing)
 .debug_str     0x000338f7     0x1e82 _build/app_timer.o
                              0x3591b (size before relaxing)
 .debug_str     0x00035779     0x18c8 _build/nrf_drv_gpiote.o
                              0x35f3e (size before relaxing)
 .debug_str     0x00037041      0xca7 _build/nrf_drv_uart.o
                              0x35ce2 (size before relaxing)
 .debug_str     0x00037ce8      0x140 _build/system_nrf51.o
                              0x2f014 (size before relaxing)
 .debug_str     0x00037e28     0x833e _build/softdevice_handler.o
                              0x3d99d (size before relaxing)
 .debug_str     0x00040166      0x36d _build/cpptest.o
                              0x2f026 (size before relaxing)
 .debug_str     0x000404d3     0x5a98 _build/main.o
                              0x42a7d (size before relaxing)

.stabstr        0x00000000      0x14f
 .stabstr       0x00000000      0x14f c:/program files (x86)/gnu tools arm embedded/4.9 2015q3/bin/../lib/gcc/arm-none-eabi/4.9.3/../../../../arm-none-eabi/lib/armv6-m\libnosys.a(close.o)
